2025-09-12 16:55:21.522  INFO 6420 --- [main] com.example.demo.SpringBootRedis         : Starting SpringBootRedis on li-PC with PID 6420 (started by li in D:\Git-repository\springboot\SpringBoot)
2025-09-12 16:55:21.582  INFO 6420 --- [main] com.example.demo.SpringBootRedis         : The following profiles are active: dev
2025-09-12 16:55:26.182  INFO 6420 --- [main] .s.d.r.c.RepositoryConfigurationDelegate : Multiple Spring Data modules found, entering strict repository configuration mode!
2025-09-12 16:55:26.252  INFO 6420 --- [main] .s.d.r.c.RepositoryConfigurationDelegate : Bootstrapping Spring Data Redis repositories in DEFAULT mode.
2025-09-12 16:55:26.762  INFO 6420 --- [main] .s.d.r.c.RepositoryConfigurationDelegate : Finished Spring Data repository scanning in 53ms. Found 0 Redis repository interfaces.
2025-09-12 16:55:38.212  INFO 6420 --- [main] o.s.s.concurrent.ThreadPoolTaskExecutor  : Initializing ExecutorService 'applicationTaskExecutor'
2025-09-12 16:55:38.962  INFO 6420 --- [main] o.s.b.a.w.s.WelcomePageHandlerMapping    : Adding welcome page: class path resource [static/index.html]
2025-09-12 16:55:40.464  INFO 6420 --- [main] com.example.demo.SpringBootRedis         : Started SpringBootRedis in 20.882 seconds (JVM running for 26.053)
2025-09-12 16:55:41.484  INFO 6420 --- [main] com.example.demo.SpringBootRedis         : redisTemplate的值是org.springframework.data.redis.core.RedisTemplate@a820bf
2025-09-12 16:55:43.714  INFO 6420 --- [main] com.example.demo.SpringBootRedis         : 获取的key的value是RedisTest
2025-09-12 16:55:43.834  INFO 6420 --- [SpringContextShutdownHook] o.s.s.concurrent.ThreadPoolTaskExecutor  : Shutting down ExecutorService 'applicationTaskExecutor'
2025-09-12 17:00:21.245  INFO 4436 --- [main] com.example.demo.SpringBootRedis         : Starting SpringBootRedis on li-PC with PID 4436 (started by li in D:\Git-repository\springboot\SpringBoot)
2025-09-12 17:00:21.255  INFO 4436 --- [main] com.example.demo.SpringBootRedis         : The following profiles are active: dev
2025-09-12 17:00:25.665  INFO 4436 --- [main] .s.d.r.c.RepositoryConfigurationDelegate : Multiple Spring Data modules found, entering strict repository configuration mode!
2025-09-12 17:00:25.745  INFO 4436 --- [main] .s.d.r.c.RepositoryConfigurationDelegate : Bootstrapping Spring Data Redis repositories in DEFAULT mode.
2025-09-12 17:00:26.165  INFO 4436 --- [main] .s.d.r.c.RepositoryConfigurationDelegate : Finished Spring Data repository scanning in 47ms. Found 0 Redis repository interfaces.
2025-09-12 17:00:37.015  INFO 4436 --- [main] o.s.s.concurrent.ThreadPoolTaskExecutor  : Initializing ExecutorService 'applicationTaskExecutor'
2025-09-12 17:00:37.485  INFO 4436 --- [main] o.s.b.a.w.s.WelcomePageHandlerMapping    : Adding welcome page: class path resource [static/index.html]
2025-09-12 17:00:38.985  INFO 4436 --- [main] com.example.demo.SpringBootRedis         : Started SpringBootRedis in 22.183 seconds (JVM running for 29.762)
2025-09-12 17:00:39.985  INFO 4436 --- [main] com.example.demo.SpringBootRedis         : redisTemplate的值是org.springframework.data.redis.core.RedisTemplate@1606fee
2025-09-12 17:00:42.335  INFO 4436 --- [main] com.example.demo.SpringBootRedis         : 获取的key的value是RedisTest
2025-09-12 17:00:42.385  INFO 4436 --- [main] com.example.demo.SpringBootRedis         : 获取的key的value是null
2025-09-12 17:00:42.495  INFO 4436 --- [SpringContextShutdownHook] o.s.s.concurrent.ThreadPoolTaskExecutor  : Shutting down ExecutorService 'applicationTaskExecutor'
2025-09-12 17:10:27.238  INFO 6252 --- [main] com.example.demo.SpringBootRedis         : Starting SpringBootRedis on li-PC with PID 6252 (started by li in D:\Git-repository\springboot\SpringBoot)
2025-09-12 17:10:27.248  INFO 6252 --- [main] com.example.demo.SpringBootRedis         : The following profiles are active: dev
2025-09-12 17:10:31.728  INFO 6252 --- [main] .s.d.r.c.RepositoryConfigurationDelegate : Multiple Spring Data modules found, entering strict repository configuration mode!
2025-09-12 17:10:31.838  INFO 6252 --- [main] .s.d.r.c.RepositoryConfigurationDelegate : Bootstrapping Spring Data Redis repositories in DEFAULT mode.
2025-09-12 17:10:32.148  INFO 6252 --- [main] .s.d.r.c.RepositoryConfigurationDelegate : Finished Spring Data repository scanning in 63ms. Found 0 Redis repository interfaces.
2025-09-12 17:10:41.758  INFO 6252 --- [main] o.s.s.concurrent.ThreadPoolTaskExecutor  : Initializing ExecutorService 'applicationTaskExecutor'
2025-09-12 17:10:42.128  INFO 6252 --- [main] o.s.b.a.w.s.WelcomePageHandlerMapping    : Adding welcome page: class path resource [static/index.html]
2025-09-12 17:10:43.678  INFO 6252 --- [main] com.example.demo.SpringBootRedis         : Started SpringBootRedis in 20.989 seconds (JVM running for 28.659)
2025-09-12 17:10:44.478  INFO 6252 --- [main] com.example.demo.SpringBootRedis         : redisTemplate的值是org.springframework.data.redis.core.RedisTemplate@598a1a
2025-09-12 17:10:44.498  INFO 6252 --- [main] com.example.demo.SpringBootRedis         : 获取的几种对象/norg.springframework.data.redis.core.DefaultValueOperations@1f23038/norg.springframework.data.redis.core.DefaultSetOperations@1e77146/norg.springframework.data.redis.core.DefaultListOperations@11567ea/norg.springframework.data.redis.core.DefaultHashOperations@fed0ba/norg.springframework.data.redis.core.DefaultZSetOperations@8d58ed
2025-09-12 17:10:47.008  INFO 6252 --- [SpringContextShutdownHook] o.s.s.concurrent.ThreadPoolTaskExecutor  : Shutting down ExecutorService 'applicationTaskExecutor'
2025-09-12 17:12:10.012  INFO 4800 --- [main] com.example.demo.SpringBootRedis         : Starting SpringBootRedis on li-PC with PID 4800 (started by li in D:\Git-repository\springboot\SpringBoot)
2025-09-12 17:12:10.012  INFO 4800 --- [main] com.example.demo.SpringBootRedis         : The following profiles are active: dev
2025-09-12 17:12:11.052  INFO 4800 --- [main] .s.d.r.c.RepositoryConfigurationDelegate : Multiple Spring Data modules found, entering strict repository configuration mode!
2025-09-12 17:12:11.062  INFO 4800 --- [main] .s.d.r.c.RepositoryConfigurationDelegate : Bootstrapping Spring Data Redis repositories in DEFAULT mode.
2025-09-12 17:12:11.102  INFO 4800 --- [main] .s.d.r.c.RepositoryConfigurationDelegate : Finished Spring Data repository scanning in 17ms. Found 0 Redis repository interfaces.
2025-09-12 17:12:15.042  INFO 4800 --- [main] o.s.s.concurrent.ThreadPoolTaskExecutor  : Initializing ExecutorService 'applicationTaskExecutor'
2025-09-12 17:12:15.292  INFO 4800 --- [main] o.s.b.a.w.s.WelcomePageHandlerMapping    : Adding welcome page: class path resource [static/index.html]
2025-09-12 17:12:16.162  INFO 4800 --- [main] com.example.demo.SpringBootRedis         : Started SpringBootRedis in 6.763 seconds (JVM running for 8.937)
2025-09-12 17:12:16.572  INFO 4800 --- [main] com.example.demo.SpringBootRedis         : redisTemplate的值是org.springframework.data.redis.core.RedisTemplate@91af20
2025-09-12 17:12:16.582  INFO 4800 --- [main] com.example.demo.SpringBootRedis         : 获取的几种对象/norg.springframework.data.redis.core.DefaultValueOperations@fe272f/norg.springframework.data.redis.core.DefaultSetOperations@195653f/norg.springframework.data.redis.core.DefaultListOperations@52b19f/norg.springframework.data.redis.core.DefaultHashOperations@1c68586/norg.springframework.data.redis.core.DefaultZSetOperations@dc1a4e
2025-09-12 17:12:17.842  INFO 4800 --- [main] com.example.demo.SpringBootRedis         : 获取的key的value是null
2025-09-12 17:12:17.892  INFO 4800 --- [SpringContextShutdownHook] o.s.s.concurrent.ThreadPoolTaskExecutor  : Shutting down ExecutorService 'applicationTaskExecutor'
2025-09-12 17:13:27.201  INFO 5264 --- [main] com.example.demo.SpringBootRedis         : Starting SpringBootRedis on li-PC with PID 5264 (started by li in D:\Git-repository\springboot\SpringBoot)
2025-09-12 17:13:27.201  INFO 5264 --- [main] com.example.demo.SpringBootRedis         : The following profiles are active: dev
2025-09-12 17:13:28.211  INFO 5264 --- [main] .s.d.r.c.RepositoryConfigurationDelegate : Multiple Spring Data modules found, entering strict repository configuration mode!
2025-09-12 17:13:28.281  INFO 5264 --- [main] .s.d.r.c.RepositoryConfigurationDelegate : Bootstrapping Spring Data Redis repositories in DEFAULT mode.
2025-09-12 17:13:28.321  INFO 5264 --- [main] .s.d.r.c.RepositoryConfigurationDelegate : Finished Spring Data repository scanning in 18ms. Found 0 Redis repository interfaces.
2025-09-12 17:13:31.701  INFO 5264 --- [main] o.s.s.concurrent.ThreadPoolTaskExecutor  : Initializing ExecutorService 'applicationTaskExecutor'
2025-09-12 17:13:32.011  INFO 5264 --- [main] o.s.b.a.w.s.WelcomePageHandlerMapping    : Adding welcome page: class path resource [static/index.html]
2025-09-12 17:13:33.131  INFO 5264 --- [main] com.example.demo.SpringBootRedis         : Started SpringBootRedis in 6.69 seconds (JVM running for 8.964)
2025-09-12 17:13:33.661  INFO 5264 --- [main] com.example.demo.SpringBootRedis         : redisTemplate的值是org.springframework.data.redis.core.RedisTemplate@1723cdb
2025-09-12 17:13:33.671  INFO 5264 --- [main] com.example.demo.SpringBootRedis         : 获取的几种对象
org.springframework.data.redis.core.DefaultValueOperations@1bdd1c
org.springframework.data.redis.core.DefaultSetOperations@91af20
org.springframework.data.redis.core.DefaultListOperations@21b13b
org.springframework.data.redis.core.DefaultHashOperations@c3f556
org.springframework.data.redis.core.DefaultZSetOperations@fe272f
2025-09-12 17:13:35.311  INFO 5264 --- [main] com.example.demo.SpringBootRedis         : 获取的key的value是null
2025-09-12 17:13:35.351  INFO 5264 --- [SpringContextShutdownHook] o.s.s.concurrent.ThreadPoolTaskExecutor  : Shutting down ExecutorService 'applicationTaskExecutor'
